// Vitest Snapshot v1, https://vitest.dev/guide/snapshot.html

exports[`export > should work 1`] = `
[
  "useBoolean",
  "useLatestFunc",
  "useModalEnhanced",
  "EasyAntdModalContext",
  "useEasyAntdModal",
  "EasyAntdModalProvider",
  "has",
  "omit",
  "isElement",
  "isDOMTypeElement",
]
`;
