// Vitest Snapshot v1, https://vitest.dev/guide/snapshot.html

exports[`Mobile Mask > defaultOpen 正常工作 1`] = `
<div
  class="adm-mask-content"
>
  mask content
</div>
`;
