// Vitest Snapshot v1, https://vitest.dev/guide/snapshot.html

exports[`export > should work 1`] = `
[
  "DragModal",
  "Drawer",
  "Modal",
  "useBoolean",
  "useLatestFunc",
  "useModalEnhanced",
  "EasyAntdModalContext",
  "useEasyAntdModal",
  "EasyAntdModalProvider",
  "has",
  "omit",
  "isElement",
  "isDOMTypeElement",
  "useMergeOpen",
  "usePrefixCls",
  "isNil",
  "default",
]
`;
